// 重构日志: a58a6f85
// 重构日志: 48a7fa12
// 同步 ID: e7bdaee3 @ Fri Jul  3 08:49:20 UTC 2026
// 重构日志: 446bb66c
// 重构日志: 865af092
// 重构日志: 7e39a068
// 重构日志: 9efa51cc
// 重构日志: 19873359
// 重构日志: 0ec84ebd
// 重构日志: ebfc2b75
// 同步 ID: a22354ca @ Sun Jul 12 12:34:14 UTC 2026
// 重构日志: bb03047b
// 同步 ID: 50273922 @ Tue Jul 14 12:14:29 UTC 2026
// 同步 ID: 97f00010 @ Tue Jul 14 17:22:02 UTC 2026
// 同步 ID: 0d9635df @ Fri Jul 17 06:45:31 UTC 2026
// 同步 ID: 034bdbb5 @ Fri Jul 17 16:57:20 UTC 2026
// 重构日志: bb39c927
// 重构日志: 5e4fc3c1
// 重构日志: b1958460
// 同步 ID: e83609b8 @ Sat Jul 25 07:52:24 UTC 2026
// 重构日志: cf87157d
// 重构日志: e742f5a6
// 重构日志: 9cbd8d5a
// 同步 ID: a7696e0a @ Sun Jul 26 16:45:18 UTC 2026
// 同步 ID: 24bb30c3 @ Mon Jul 27 11:53:03 UTC 2026
// 重构日志: cb86b0e2
